


ARM Macro Assembler    Page 1 


    1 00000000                 AREA             ARMex, CODE, READONLY
    2 00000000                 ENTRY
    3 00000000         
    4 00000000         Start
    5 00000000 E3A00010        MOV              r0, #16
    6 00000004 E3A0100A        MOV              r1, #10
    7 00000008 E3A02008        MOV              r2, #08
    8 0000000C         
    9 0000000C E59F301C        LDR              r3, TEMPADDR1
   10 00000010         
   11 00000010 E5C30000        STRB             r0, [r3]
   12 00000014 E5C31001        STRB             r1, [r3,#1]
   13 00000018 E5C32002        STRB             r2, [r3,#2]
   14 0000001C         
   15 0000001C E5D34001        LDRB             r4, [r3,#1]
   16 00000020         
   17 00000020 E354000A        CMP              r4,#10
   18 00000024         
   19 00000024 C3A05001        MOVGT            r5, #1      ; if( r4-10 > 0 ) z
                                                             clear, c set
   20 00000028 B3A05002        MOVLT            r5, #2      ; if( r4 -10  < 0) 
                                                            z clear, c set , n 
                                                            set
   21 0000002C 03A05003        MOVEQ            r5, # 3     ; if( r4 - 10 ==0 )
                                                             z set?
   22 00000030         
   23 00000030         
   24 00000030 00001000 
                       TEMPADDR1
                               &                &00001000
   25 00000034                 END
Command Line: --debug --xref --diag_suppress=9931 --cpu=ARM9E --apcs=interwork 
--depend=.\objects\problem1.d -o.\objects\problem1.o -IC:\Keil_v5\ARM\RV31\INC 
-IC:\Keil_v5\ARM\CMSIS\Include --predefine="__EVAL SETA 1" --predefine="__UVISI
ON_VERSION SETA 521" --list=.\listings\problem1.lst problem1.s



ARM Macro Assembler    Page 1 Alphabetic symbol ordering
Relocatable symbols

ARMex 00000000

Symbol: ARMex
   Definitions
      At line 1 in file problem1.s
   Uses
      None
Comment: ARMex unused
Start 00000000

Symbol: Start
   Definitions
      At line 4 in file problem1.s
   Uses
      None
Comment: Start unused
TEMPADDR1 00000030

Symbol: TEMPADDR1
   Definitions
      At line 24 in file problem1.s
   Uses
      At line 9 in file problem1.s
Comment: TEMPADDR1 used once
3 symbols
335 symbols in table
